[13:23:27] I/launcher - Running 1 instances of WebDriver
[13:23:27] I/hosted - Using the selenium server at http://localhost:4444/wd/hub
Started
[32m.[0m


1 spec, 0 failures
Finished in 26.616 seconds

[13:23:55] I/launcher - 0 instance(s) of WebDriver still running
[13:23:55] I/launcher - chrome #01 passed
